
> frontend@0.1.0 build
> next build

node.exe :  ΓÜá Warning: Next.js inferred your workspace root, but 
it may not be correct.
At line:1 char:1
+ & "C:\Program Files\nodejs/node.exe" "C:\Program 
Files\nodejs/node_mo ...
+ 
~~~~~~~~~~~~~~~~~~~~~~~~~~~~~~~~~~~~~~~~~~~~~~~~~~~~~~~~~~~~~~~~~~~~~
    + CategoryInfo          : NotSpecified: ( ΓÜá Warning: N...not b 
   e correct.:String) [], RemoteException
    + FullyQualifiedErrorId : NativeCommandError
 
 We detected multiple lockfiles and selected the directory of 
C:\Users\user\package-lock.json as the root directory.
 To silence this warning, set `turbopack.root` in your Next.js 
config, or consider removing one of the lockfiles if it's not needed.
   See https://nextjs.org/docs/app/api-reference/config/next-config-j
s/turbopack#root-directory for more information.
 Detected additional lockfiles: 
   * C:\Users\user\sales agent v2 botique\frontend\package-lock.json

   Γû▓ Next.js 16.0.3 (Turbopack)

   Creating an optimized production build ...
Error: Cannot apply unknown utility class `border-gray-200`. Are you 
using CSS modules or similar and missing `@reference`? https://tailwi
ndcss.com/docs/functions-and-directives#reference-directive
    [2m[at onInvalidCandidate (C:\Users\user\sales agent v2 
botique\frontend\node_modules\tailwindcss\dist\lib.js:21:1314)][0m
    [2m[at Te (C:\Users\user\sales agent v2 
botique\frontend\node_modules\tailwindcss\dist\lib.js:16:36364)][0m
    [2m[at C:\Users\user\sales agent v2 
botique\frontend\node_modules\tailwindcss\dist\lib.js:21:355][0m
    [2m[at Tr (C:\Users\user\sales agent v2 
botique\frontend\node_modules\tailwindcss\dist\lib.js:3:1718)][0m
    [2m[at _ (C:\Users\user\sales agent v2 
botique\frontend\node_modules\tailwindcss\dist\lib.js:3:1377)][0m
    [2m[at Se (C:\Users\user\sales agent v2 
botique\frontend\node_modules\tailwindcss\dist\lib.js:21:172)][0m
    [2m[at ln (C:\Users\user\sales agent v2 
botique\frontend\node_modules\tailwindcss\dist\lib.js:38:294)][0m
    [2m[at process.processTicksAndRejections 
(node:internal/process/task_queues:105:5)][0m
    [2m[at async sn (C:\Users\user\sales agent v2 
botique\frontend\node_modules\tailwindcss\dist\lib.js:38:631)][0m
    [2m[at async Qr (C:\Users\user\sales agent v2 botique\frontend\n
ode_modules\@tailwindcss\node\dist\index.js:10:3385)][0m

> Build error occurred
Error: Turbopack build failed with 1 errors:
./sales agent v2 botique/frontend/src/app/globals.css
Error evaluating Node.js code
CssSyntaxError: tailwindcss: C:\Users\user\sales agent v2 
botique\frontend\src\app\globals.css:1:1: Cannot apply unknown 
utility class `border-gray-200`. Are you using CSS modules or 
similar and missing `@reference`? https://tailwindcss.com/docs/functi
ons-and-directives#reference-directive
    at Input.error (sales agent v2 
botique/frontend/node_modules/postcss/lib/input.js:135:16) 
[C:\Users\user\sales agent v2 
botique\frontend\.next\build\chunks\51092_8b2cf0f3._.js:4651:22]
    at Root.error (sales agent v2 
botique/frontend/node_modules/postcss/lib/node.js:146:32) 
[C:\Users\user\sales agent v2 
botique\frontend\.next\build\chunks\51092_8b2cf0f3._.js:928:38]
    [at Object.Once (C:\Users\user\sales agent v2 botique\frontend\no
de_modules\@tailwindcss\postcss\dist\index.js:10:6912)]
    [at process.processTicksAndRejections 
(node:internal/process/task_queues:105:5)]
    at async LazyResult.runAsync (sales agent v2 
botique/frontend/node_modules/postcss/lib/lazy-result.js:293:11) 
[C:\Users\user\sales agent v2 
botique\frontend\.next\build\chunks\51092_8b2cf0f3._.js:6206:21]
    at async transform 
(turbopack:///[turbopack-node]/transforms/postcss.ts:70:34) 
[C:\Users\user\sales agent v2 botique\frontend\.next\build\chunks\[ro
ot-of-the-server]__29ab2c16._.js:146:36]
    at async run 
(turbopack:///[turbopack-node]/ipc/evaluate.ts:92:23) 
[C:\Users\user\sales agent v2 botique\frontend\.next\build\chunks\[ro
ot-of-the-server]__41b5a498._.js:443:31]

Import trace:
  Client Component Browser:
    ./sales agent v2 botique/frontend/src/app/globals.css [Client 
Component Browser]
    ./sales agent v2 botique/frontend/src/app/layout.tsx [Server 
Component]


    at async transform 
(turbopack:///[turbopack-node]/transforms/postcss.ts:70:34) 
[C:\Users\user\sales agent v2 botique\frontend\.next\build\chunks\[ro
ot-of-the-server]__29ab2c16._.js:146:36])
    at async run 
(turbopack:///[turbopack-node]/ipc/evaluate.ts:92:23) 
[C:\Users\user\sales agent v2 botique\frontend\.next\build\chunks\[ro
ot-of-the-server]__41b5a498._.js:443:31])
